// Jest Snapshot v1, https://goo.gl/fbAQLP

exports[`Add Expense should show the Add Expense Page Correctly 1`] = `
<div>
  <h2>
    Add Your New Expense.
  </h2>
  <ExpenseForm
    onSubmit={[Function]}
  />
</div>
`;
