// Jest Snapshot v1, https://goo.gl/fbAQLP

exports[`Expenses Summary should render a Expenses Summary with expenses 1`] = `
<div>
  <h2>
    Showing 
    3
     expense(s), totalling 
    35
     Rupees.
  </h2>
</div>
`;

exports[`Expenses Summary should render a Expenses Summary with no expense 1`] = `
<div>
  <h2>
    Showing 
    0
     expense(s), totalling 
    0
     Rupees.
  </h2>
</div>
`;
